10:33:19 **** Build of configuration Debug for project STM32F446ZE_Nucleo_USBD-FS ****
make all 
Building file: /home/isa/Documents/SoftSys/STM32CubeF4/Middlewares/ST/STM32_USB_Device_Library/Core/Src/usbd_core.c
Invoking: MCU GCC Compiler
/home/isa/Documents/SoftSys/STM32CubeF4/Projects/STM32F446ZE-Nucleo/Applications/USB_Device/HID_Standalone/SW4STM32/STM32F446ZE_Nucleo_USBD-FS/Debug
arm-none-eabi-gcc -mcpu=cortex-m4 -mthumb -mfloat-abi=hard -mfpu=fpv4-sp-d16 -DUSE_HAL_DRIVER -DSTM32F446xx -DUSE_STM32F4XX_NUCLEO_144 -I"/home/isa/Documents/SoftSys/STM32CubeF4/Projects/STM32F446ZE-Nucleo/Applications/USB_Device/HID_Standalone/Inc" -I"/home/isa/Documents/SoftSys/STM32CubeF4/Drivers/CMSIS/Device/ST/STM32F4xx/Include" -I"/home/isa/Documents/SoftSys/STM32CubeF4/Drivers/STM32F4xx_HAL_Driver/Inc" -I"/home/isa/Documents/SoftSys/STM32CubeF4/Drivers/BSP/STM32F4xx_Nucleo_144" -I"/home/isa/Documents/SoftSys/STM32CubeF4/Middlewares/ST/STM32_USB_Device_Library/Core/Inc" -I"/home/isa/Documents/SoftSys/STM32CubeF4/Middlewares/ST/STM32_USB_Device_Library/Class/HID/Inc" -I"/home/isa/Documents/SoftSys/STM32CubeF4/Drivers/CMSIS/Include"  -Os -g3 -Wall -fmessage-length=0 -ffunction-sections -c -fmessage-length=0 -MMD -MP -MF"Middlewares/STM32_USBD_Library/Core/usbd_core.d" -MT"Middlewares/STM32_USBD_Library/Core/usbd_core.o" -o "Middlewares/STM32_USBD_Library/Core/usbd_core.o" "/home/isa/Documents/SoftSys/STM32CubeF4/Middlewares/ST/STM32_USB_Device_Library/Core/Src/usbd_core.c"
Finished building: /home/isa/Documents/SoftSys/STM32CubeF4/Middlewares/ST/STM32_USB_Device_Library/Core/Src/usbd_core.c
 
Building file: /home/isa/Documents/SoftSys/STM32CubeF4/Middlewares/ST/STM32_USB_Device_Library/Core/Src/usbd_ctlreq.c
Invoking: MCU GCC Compiler
/home/isa/Documents/SoftSys/STM32CubeF4/Projects/STM32F446ZE-Nucleo/Applications/USB_Device/HID_Standalone/SW4STM32/STM32F446ZE_Nucleo_USBD-FS/Debug
arm-none-eabi-gcc -mcpu=cortex-m4 -mthumb -mfloat-abi=hard -mfpu=fpv4-sp-d16 -DUSE_HAL_DRIVER -DSTM32F446xx -DUSE_STM32F4XX_NUCLEO_144 -I"/home/isa/Documents/SoftSys/STM32CubeF4/Projects/STM32F446ZE-Nucleo/Applications/USB_Device/HID_Standalone/Inc" -I"/home/isa/Documents/SoftSys/STM32CubeF4/Drivers/CMSIS/Device/ST/STM32F4xx/Include" -I"/home/isa/Documents/SoftSys/STM32CubeF4/Drivers/STM32F4xx_HAL_Driver/Inc" -I"/home/isa/Documents/SoftSys/STM32CubeF4/Drivers/BSP/STM32F4xx_Nucleo_144" -I"/home/isa/Documents/SoftSys/STM32CubeF4/Middlewares/ST/STM32_USB_Device_Library/Core/Inc" -I"/home/isa/Documents/SoftSys/STM32CubeF4/Middlewares/ST/STM32_USB_Device_Library/Class/HID/Inc" -I"/home/isa/Documents/SoftSys/STM32CubeF4/Drivers/CMSIS/Include"  -Os -g3 -Wall -fmessage-length=0 -ffunction-sections -c -fmessage-length=0 -MMD -MP -MF"Middlewares/STM32_USBD_Library/Core/usbd_ctlreq.d" -MT"Middlewares/STM32_USBD_Library/Core/usbd_ctlreq.o" -o "Middlewares/STM32_USBD_Library/Core/usbd_ctlreq.o" "/home/isa/Documents/SoftSys/STM32CubeF4/Middlewares/ST/STM32_USB_Device_Library/Core/Src/usbd_ctlreq.c"
Finished building: /home/isa/Documents/SoftSys/STM32CubeF4/Middlewares/ST/STM32_USB_Device_Library/Core/Src/usbd_ctlreq.c
 
Building file: /home/isa/Documents/SoftSys/STM32CubeF4/Middlewares/ST/STM32_USB_Device_Library/Core/Src/usbd_ioreq.c
Invoking: MCU GCC Compiler
/home/isa/Documents/SoftSys/STM32CubeF4/Projects/STM32F446ZE-Nucleo/Applications/USB_Device/HID_Standalone/SW4STM32/STM32F446ZE_Nucleo_USBD-FS/Debug
arm-none-eabi-gcc -mcpu=cortex-m4 -mthumb -mfloat-abi=hard -mfpu=fpv4-sp-d16 -DUSE_HAL_DRIVER -DSTM32F446xx -DUSE_STM32F4XX_NUCLEO_144 -I"/home/isa/Documents/SoftSys/STM32CubeF4/Projects/STM32F446ZE-Nucleo/Applications/USB_Device/HID_Standalone/Inc" -I"/home/isa/Documents/SoftSys/STM32CubeF4/Drivers/CMSIS/Device/ST/STM32F4xx/Include" -I"/home/isa/Documents/SoftSys/STM32CubeF4/Drivers/STM32F4xx_HAL_Driver/Inc" -I"/home/isa/Documents/SoftSys/STM32CubeF4/Drivers/BSP/STM32F4xx_Nucleo_144" -I"/home/isa/Documents/SoftSys/STM32CubeF4/Middlewares/ST/STM32_USB_Device_Library/Core/Inc" -I"/home/isa/Documents/SoftSys/STM32CubeF4/Middlewares/ST/STM32_USB_Device_Library/Class/HID/Inc" -I"/home/isa/Documents/SoftSys/STM32CubeF4/Drivers/CMSIS/Include"  -Os -g3 -Wall -fmessage-length=0 -ffunction-sections -c -fmessage-length=0 -MMD -MP -MF"Middlewares/STM32_USBD_Library/Core/usbd_ioreq.d" -MT"Middlewares/STM32_USBD_Library/Core/usbd_ioreq.o" -o "Middlewares/STM32_USBD_Library/Core/usbd_ioreq.o" "/home/isa/Documents/SoftSys/STM32CubeF4/Middlewares/ST/STM32_USB_Device_Library/Core/Src/usbd_ioreq.c"
Finished building: /home/isa/Documents/SoftSys/STM32CubeF4/Middlewares/ST/STM32_USB_Device_Library/Core/Src/usbd_ioreq.c
 
Building file: /home/isa/Documents/SoftSys/STM32CubeF4/Middlewares/ST/STM32_USB_Device_Library/Class/HID/Src/usbd_hid.c
Invoking: MCU GCC Compiler
/home/isa/Documents/SoftSys/STM32CubeF4/Projects/STM32F446ZE-Nucleo/Applications/USB_Device/HID_Standalone/SW4STM32/STM32F446ZE_Nucleo_USBD-FS/Debug
arm-none-eabi-gcc -mcpu=cortex-m4 -mthumb -mfloat-abi=hard -mfpu=fpv4-sp-d16 -DUSE_HAL_DRIVER -DSTM32F446xx -DUSE_STM32F4XX_NUCLEO_144 -I"/home/isa/Documents/SoftSys/STM32CubeF4/Projects/STM32F446ZE-Nucleo/Applications/USB_Device/HID_Standalone/Inc" -I"/home/isa/Documents/SoftSys/STM32CubeF4/Drivers/CMSIS/Device/ST/STM32F4xx/Include" -I"/home/isa/Documents/SoftSys/STM32CubeF4/Drivers/STM32F4xx_HAL_Driver/Inc" -I"/home/isa/Documents/SoftSys/STM32CubeF4/Drivers/BSP/STM32F4xx_Nucleo_144" -I"/home/isa/Documents/SoftSys/STM32CubeF4/Middlewares/ST/STM32_USB_Device_Library/Core/Inc" -I"/home/isa/Documents/SoftSys/STM32CubeF4/Middlewares/ST/STM32_USB_Device_Library/Class/HID/Inc" -I"/home/isa/Documents/SoftSys/STM32CubeF4/Drivers/CMSIS/Include"  -Os -g3 -Wall -fmessage-length=0 -ffunction-sections -c -fmessage-length=0 -MMD -MP -MF"Middlewares/STM32_USBD_Library/Class/HID/usbd_hid.d" -MT"Middlewares/STM32_USBD_Library/Class/HID/usbd_hid.o" -o "Middlewares/STM32_USBD_Library/Class/HID/usbd_hid.o" "/home/isa/Documents/SoftSys/STM32CubeF4/Middlewares/ST/STM32_USB_Device_Library/Class/HID/Src/usbd_hid.c"
Finished building: /home/isa/Documents/SoftSys/STM32CubeF4/Middlewares/ST/STM32_USB_Device_Library/Class/HID/Src/usbd_hid.c
 
Building file: /home/isa/Documents/SoftSys/STM32CubeF4/Drivers/STM32F4xx_HAL_Driver/Src/stm32f4xx_hal.c
Invoking: MCU GCC Compiler
/home/isa/Documents/SoftSys/STM32CubeF4/Projects/STM32F446ZE-Nucleo/Applications/USB_Device/HID_Standalone/SW4STM32/STM32F446ZE_Nucleo_USBD-FS/Debug
arm-none-eabi-gcc -mcpu=cortex-m4 -mthumb -mfloat-abi=hard -mfpu=fpv4-sp-d16 -DUSE_HAL_DRIVER -DSTM32F446xx -DUSE_STM32F4XX_NUCLEO_144 -I"/home/isa/Documents/SoftSys/STM32CubeF4/Projects/STM32F446ZE-Nucleo/Applications/USB_Device/HID_Standalone/Inc" -I"/home/isa/Documents/SoftSys/STM32CubeF4/Drivers/CMSIS/Device/ST/STM32F4xx/Include" -I"/home/isa/Documents/SoftSys/STM32CubeF4/Drivers/STM32F4xx_HAL_Driver/Inc" -I"/home/isa/Documents/SoftSys/STM32CubeF4/Drivers/BSP/STM32F4xx_Nucleo_144" -I"/home/isa/Documents/SoftSys/STM32CubeF4/Middlewares/ST/STM32_USB_Device_Library/Core/Inc" -I"/home/isa/Documents/SoftSys/STM32CubeF4/Middlewares/ST/STM32_USB_Device_Library/Class/HID/Inc" -I"/home/isa/Documents/SoftSys/STM32CubeF4/Drivers/CMSIS/Include"  -Os -g3 -Wall -fmessage-length=0 -ffunction-sections -c -fmessage-length=0 -MMD -MP -MF"Drivers/STM32F4xx_HAL_Driver/stm32f4xx_hal.d" -MT"Drivers/STM32F4xx_HAL_Driver/stm32f4xx_hal.o" -o "Drivers/STM32F4xx_HAL_Driver/stm32f4xx_hal.o" "/home/isa/Documents/SoftSys/STM32CubeF4/Drivers/STM32F4xx_HAL_Driver/Src/stm32f4xx_hal.c"
Finished building: /home/isa/Documents/SoftSys/STM32CubeF4/Drivers/STM32F4xx_HAL_Driver/Src/stm32f4xx_hal.c
 
Building file: /home/isa/Documents/SoftSys/STM32CubeF4/Drivers/STM32F4xx_HAL_Driver/Src/stm32f4xx_hal_cortex.c
Invoking: MCU GCC Compiler
/home/isa/Documents/SoftSys/STM32CubeF4/Projects/STM32F446ZE-Nucleo/Applications/USB_Device/HID_Standalone/SW4STM32/STM32F446ZE_Nucleo_USBD-FS/Debug
arm-none-eabi-gcc -mcpu=cortex-m4 -mthumb -mfloat-abi=hard -mfpu=fpv4-sp-d16 -DUSE_HAL_DRIVER -DSTM32F446xx -DUSE_STM32F4XX_NUCLEO_144 -I"/home/isa/Documents/SoftSys/STM32CubeF4/Projects/STM32F446ZE-Nucleo/Applications/USB_Device/HID_Standalone/Inc" -I"/home/isa/Documents/SoftSys/STM32CubeF4/Drivers/CMSIS/Device/ST/STM32F4xx/Include" -I"/home/isa/Documents/SoftSys/STM32CubeF4/Drivers/STM32F4xx_HAL_Driver/Inc" -I"/home/isa/Documents/SoftSys/STM32CubeF4/Drivers/BSP/STM32F4xx_Nucleo_144" -I"/home/isa/Documents/SoftSys/STM32CubeF4/Middlewares/ST/STM32_USB_Device_Library/Core/Inc" -I"/home/isa/Documents/SoftSys/STM32CubeF4/Middlewares/ST/STM32_USB_Device_Library/Class/HID/Inc" -I"/home/isa/Documents/SoftSys/STM32CubeF4/Drivers/CMSIS/Include"  -Os -g3 -Wall -fmessage-length=0 -ffunction-sections -c -fmessage-length=0 -MMD -MP -MF"Drivers/STM32F4xx_HAL_Driver/stm32f4xx_hal_cortex.d" -MT"Drivers/STM32F4xx_HAL_Driver/stm32f4xx_hal_cortex.o" -o "Drivers/STM32F4xx_HAL_Driver/stm32f4xx_hal_cortex.o" "/home/isa/Documents/SoftSys/STM32CubeF4/Drivers/STM32F4xx_HAL_Driver/Src/stm32f4xx_hal_cortex.c"
Finished building: /home/isa/Documents/SoftSys/STM32CubeF4/Drivers/STM32F4xx_HAL_Driver/Src/stm32f4xx_hal_cortex.c
 
Building file: /home/isa/Documents/SoftSys/STM32CubeF4/Drivers/STM32F4xx_HAL_Driver/Src/stm32f4xx_hal_dma.c
Invoking: MCU GCC Compiler
/home/isa/Documents/SoftSys/STM32CubeF4/Projects/STM32F446ZE-Nucleo/Applications/USB_Device/HID_Standalone/SW4STM32/STM32F446ZE_Nucleo_USBD-FS/Debug
arm-none-eabi-gcc -mcpu=cortex-m4 -mthumb -mfloat-abi=hard -mfpu=fpv4-sp-d16 -DUSE_HAL_DRIVER -DSTM32F446xx -DUSE_STM32F4XX_NUCLEO_144 -I"/home/isa/Documents/SoftSys/STM32CubeF4/Projects/STM32F446ZE-Nucleo/Applications/USB_Device/HID_Standalone/Inc" -I"/home/isa/Documents/SoftSys/STM32CubeF4/Drivers/CMSIS/Device/ST/STM32F4xx/Include" -I"/home/isa/Documents/SoftSys/STM32CubeF4/Drivers/STM32F4xx_HAL_Driver/Inc" -I"/home/isa/Documents/SoftSys/STM32CubeF4/Drivers/BSP/STM32F4xx_Nucleo_144" -I"/home/isa/Documents/SoftSys/STM32CubeF4/Middlewares/ST/STM32_USB_Device_Library/Core/Inc" -I"/home/isa/Documents/SoftSys/STM32CubeF4/Middlewares/ST/STM32_USB_Device_Library/Class/HID/Inc" -I"/home/isa/Documents/SoftSys/STM32CubeF4/Drivers/CMSIS/Include"  -Os -g3 -Wall -fmessage-length=0 -ffunction-sections -c -fmessage-length=0 -MMD -MP -MF"Drivers/STM32F4xx_HAL_Driver/stm32f4xx_hal_dma.d" -MT"Drivers/STM32F4xx_HAL_Driver/stm32f4xx_hal_dma.o" -o "Drivers/STM32F4xx_HAL_Driver/stm32f4xx_hal_dma.o" "/home/isa/Documents/SoftSys/STM32CubeF4/Drivers/STM32F4xx_HAL_Driver/Src/stm32f4xx_hal_dma.c"
Finished building: /home/isa/Documents/SoftSys/STM32CubeF4/Drivers/STM32F4xx_HAL_Driver/Src/stm32f4xx_hal_dma.c
 
Building file: /home/isa/Documents/SoftSys/STM32CubeF4/Drivers/STM32F4xx_HAL_Driver/Src/stm32f4xx_hal_dma_ex.c
Invoking: MCU GCC Compiler
/home/isa/Documents/SoftSys/STM32CubeF4/Projects/STM32F446ZE-Nucleo/Applications/USB_Device/HID_Standalone/SW4STM32/STM32F446ZE_Nucleo_USBD-FS/Debug
arm-none-eabi-gcc -mcpu=cortex-m4 -mthumb -mfloat-abi=hard -mfpu=fpv4-sp-d16 -DUSE_HAL_DRIVER -DSTM32F446xx -DUSE_STM32F4XX_NUCLEO_144 -I"/home/isa/Documents/SoftSys/STM32CubeF4/Projects/STM32F446ZE-Nucleo/Applications/USB_Device/HID_Standalone/Inc" -I"/home/isa/Documents/SoftSys/STM32CubeF4/Drivers/CMSIS/Device/ST/STM32F4xx/Include" -I"/home/isa/Documents/SoftSys/STM32CubeF4/Drivers/STM32F4xx_HAL_Driver/Inc" -I"/home/isa/Documents/SoftSys/STM32CubeF4/Drivers/BSP/STM32F4xx_Nucleo_144" -I"/home/isa/Documents/SoftSys/STM32CubeF4/Middlewares/ST/STM32_USB_Device_Library/Core/Inc" -I"/home/isa/Documents/SoftSys/STM32CubeF4/Middlewares/ST/STM32_USB_Device_Library/Class/HID/Inc" -I"/home/isa/Documents/SoftSys/STM32CubeF4/Drivers/CMSIS/Include"  -Os -g3 -Wall -fmessage-length=0 -ffunction-sections -c -fmessage-length=0 -MMD -MP -MF"Drivers/STM32F4xx_HAL_Driver/stm32f4xx_hal_dma_ex.d" -MT"Drivers/STM32F4xx_HAL_Driver/stm32f4xx_hal_dma_ex.o" -o "Drivers/STM32F4xx_HAL_Driver/stm32f4xx_hal_dma_ex.o" "/home/isa/Documents/SoftSys/STM32CubeF4/Drivers/STM32F4xx_HAL_Driver/Src/stm32f4xx_hal_dma_ex.c"
Finished building: /home/isa/Documents/SoftSys/STM32CubeF4/Drivers/STM32F4xx_HAL_Driver/Src/stm32f4xx_hal_dma_ex.c
 
Building file: /home/isa/Documents/SoftSys/STM32CubeF4/Drivers/STM32F4xx_HAL_Driver/Src/stm32f4xx_hal_flash.c
Invoking: MCU GCC Compiler
/home/isa/Documents/SoftSys/STM32CubeF4/Projects/STM32F446ZE-Nucleo/Applications/USB_Device/HID_Standalone/SW4STM32/STM32F446ZE_Nucleo_USBD-FS/Debug
arm-none-eabi-gcc -mcpu=cortex-m4 -mthumb -mfloat-abi=hard -mfpu=fpv4-sp-d16 -DUSE_HAL_DRIVER -DSTM32F446xx -DUSE_STM32F4XX_NUCLEO_144 -I"/home/isa/Documents/SoftSys/STM32CubeF4/Projects/STM32F446ZE-Nucleo/Applications/USB_Device/HID_Standalone/Inc" -I"/home/isa/Documents/SoftSys/STM32CubeF4/Drivers/CMSIS/Device/ST/STM32F4xx/Include" -I"/home/isa/Documents/SoftSys/STM32CubeF4/Drivers/STM32F4xx_HAL_Driver/Inc" -I"/home/isa/Documents/SoftSys/STM32CubeF4/Drivers/BSP/STM32F4xx_Nucleo_144" -I"/home/isa/Documents/SoftSys/STM32CubeF4/Middlewares/ST/STM32_USB_Device_Library/Core/Inc" -I"/home/isa/Documents/SoftSys/STM32CubeF4/Middlewares/ST/STM32_USB_Device_Library/Class/HID/Inc" -I"/home/isa/Documents/SoftSys/STM32CubeF4/Drivers/CMSIS/Include"  -Os -g3 -Wall -fmessage-length=0 -ffunction-sections -c -fmessage-length=0 -MMD -MP -MF"Drivers/STM32F4xx_HAL_Driver/stm32f4xx_hal_flash.d" -MT"Drivers/STM32F4xx_HAL_Driver/stm32f4xx_hal_flash.o" -o "Drivers/STM32F4xx_HAL_Driver/stm32f4xx_hal_flash.o" "/home/isa/Documents/SoftSys/STM32CubeF4/Drivers/STM32F4xx_HAL_Driver/Src/stm32f4xx_hal_flash.c"
Finished building: /home/isa/Documents/SoftSys/STM32CubeF4/Drivers/STM32F4xx_HAL_Driver/Src/stm32f4xx_hal_flash.c
 
Building file: /home/isa/Documents/SoftSys/STM32CubeF4/Drivers/STM32F4xx_HAL_Driver/Src/stm32f4xx_hal_flash_ex.c
Invoking: MCU GCC Compiler
/home/isa/Documents/SoftSys/STM32CubeF4/Projects/STM32F446ZE-Nucleo/Applications/USB_Device/HID_Standalone/SW4STM32/STM32F446ZE_Nucleo_USBD-FS/Debug
arm-none-eabi-gcc -mcpu=cortex-m4 -mthumb -mfloat-abi=hard -mfpu=fpv4-sp-d16 -DUSE_HAL_DRIVER -DSTM32F446xx -DUSE_STM32F4XX_NUCLEO_144 -I"/home/isa/Documents/SoftSys/STM32CubeF4/Projects/STM32F446ZE-Nucleo/Applications/USB_Device/HID_Standalone/Inc" -I"/home/isa/Documents/SoftSys/STM32CubeF4/Drivers/CMSIS/Device/ST/STM32F4xx/Include" -I"/home/isa/Documents/SoftSys/STM32CubeF4/Drivers/STM32F4xx_HAL_Driver/Inc" -I"/home/isa/Documents/SoftSys/STM32CubeF4/Drivers/BSP/STM32F4xx_Nucleo_144" -I"/home/isa/Documents/SoftSys/STM32CubeF4/Middlewares/ST/STM32_USB_Device_Library/Core/Inc" -I"/home/isa/Documents/SoftSys/STM32CubeF4/Middlewares/ST/STM32_USB_Device_Library/Class/HID/Inc" -I"/home/isa/Documents/SoftSys/STM32CubeF4/Drivers/CMSIS/Include"  -Os -g3 -Wall -fmessage-length=0 -ffunction-sections -c -fmessage-length=0 -MMD -MP -MF"Drivers/STM32F4xx_HAL_Driver/stm32f4xx_hal_flash_ex.d" -MT"Drivers/STM32F4xx_HAL_Driver/stm32f4xx_hal_flash_ex.o" -o "Drivers/STM32F4xx_HAL_Driver/stm32f4xx_hal_flash_ex.o" "/home/isa/Documents/SoftSys/STM32CubeF4/Drivers/STM32F4xx_HAL_Driver/Src/stm32f4xx_hal_flash_ex.c"
Finished building: /home/isa/Documents/SoftSys/STM32CubeF4/Drivers/STM32F4xx_HAL_Driver/Src/stm32f4xx_hal_flash_ex.c
 
Building file: /home/isa/Documents/SoftSys/STM32CubeF4/Drivers/STM32F4xx_HAL_Driver/Src/stm32f4xx_hal_gpio.c
Invoking: MCU GCC Compiler
/home/isa/Documents/SoftSys/STM32CubeF4/Projects/STM32F446ZE-Nucleo/Applications/USB_Device/HID_Standalone/SW4STM32/STM32F446ZE_Nucleo_USBD-FS/Debug
arm-none-eabi-gcc -mcpu=cortex-m4 -mthumb -mfloat-abi=hard -mfpu=fpv4-sp-d16 -DUSE_HAL_DRIVER -DSTM32F446xx -DUSE_STM32F4XX_NUCLEO_144 -I"/home/isa/Documents/SoftSys/STM32CubeF4/Projects/STM32F446ZE-Nucleo/Applications/USB_Device/HID_Standalone/Inc" -I"/home/isa/Documents/SoftSys/STM32CubeF4/Drivers/CMSIS/Device/ST/STM32F4xx/Include" -I"/home/isa/Documents/SoftSys/STM32CubeF4/Drivers/STM32F4xx_HAL_Driver/Inc" -I"/home/isa/Documents/SoftSys/STM32CubeF4/Drivers/BSP/STM32F4xx_Nucleo_144" -I"/home/isa/Documents/SoftSys/STM32CubeF4/Middlewares/ST/STM32_USB_Device_Library/Core/Inc" -I"/home/isa/Documents/SoftSys/STM32CubeF4/Middlewares/ST/STM32_USB_Device_Library/Class/HID/Inc" -I"/home/isa/Documents/SoftSys/STM32CubeF4/Drivers/CMSIS/Include"  -Os -g3 -Wall -fmessage-length=0 -ffunction-sections -c -fmessage-length=0 -MMD -MP -MF"Drivers/STM32F4xx_HAL_Driver/stm32f4xx_hal_gpio.d" -MT"Drivers/STM32F4xx_HAL_Driver/stm32f4xx_hal_gpio.o" -o "Drivers/STM32F4xx_HAL_Driver/stm32f4xx_hal_gpio.o" "/home/isa/Documents/SoftSys/STM32CubeF4/Drivers/STM32F4xx_HAL_Driver/Src/stm32f4xx_hal_gpio.c"
Finished building: /home/isa/Documents/SoftSys/STM32CubeF4/Drivers/STM32F4xx_HAL_Driver/Src/stm32f4xx_hal_gpio.c
 
Building file: /home/isa/Documents/SoftSys/STM32CubeF4/Drivers/STM32F4xx_HAL_Driver/Src/stm32f4xx_hal_hcd.c
Invoking: MCU GCC Compiler
/home/isa/Documents/SoftSys/STM32CubeF4/Projects/STM32F446ZE-Nucleo/Applications/USB_Device/HID_Standalone/SW4STM32/STM32F446ZE_Nucleo_USBD-FS/Debug
arm-none-eabi-gcc -mcpu=cortex-m4 -mthumb -mfloat-abi=hard -mfpu=fpv4-sp-d16 -DUSE_HAL_DRIVER -DSTM32F446xx -DUSE_STM32F4XX_NUCLEO_144 -I"/home/isa/Documents/SoftSys/STM32CubeF4/Projects/STM32F446ZE-Nucleo/Applications/USB_Device/HID_Standalone/Inc" -I"/home/isa/Documents/SoftSys/STM32CubeF4/Drivers/CMSIS/Device/ST/STM32F4xx/Include" -I"/home/isa/Documents/SoftSys/STM32CubeF4/Drivers/STM32F4xx_HAL_Driver/Inc" -I"/home/isa/Documents/SoftSys/STM32CubeF4/Drivers/BSP/STM32F4xx_Nucleo_144" -I"/home/isa/Documents/SoftSys/STM32CubeF4/Middlewares/ST/STM32_USB_Device_Library/Core/Inc" -I"/home/isa/Documents/SoftSys/STM32CubeF4/Middlewares/ST/STM32_USB_Device_Library/Class/HID/Inc" -I"/home/isa/Documents/SoftSys/STM32CubeF4/Drivers/CMSIS/Include"  -Os -g3 -Wall -fmessage-length=0 -ffunction-sections -c -fmessage-length=0 -MMD -MP -MF"Drivers/STM32F4xx_HAL_Driver/stm32f4xx_hal_hcd.d" -MT"Drivers/STM32F4xx_HAL_Driver/stm32f4xx_hal_hcd.o" -o "Drivers/STM32F4xx_HAL_Driver/stm32f4xx_hal_hcd.o" "/home/isa/Documents/SoftSys/STM32CubeF4/Drivers/STM32F4xx_HAL_Driver/Src/stm32f4xx_hal_hcd.c"
Finished building: /home/isa/Documents/SoftSys/STM32CubeF4/Drivers/STM32F4xx_HAL_Driver/Src/stm32f4xx_hal_hcd.c
 
Building file: /home/isa/Documents/SoftSys/STM32CubeF4/Drivers/STM32F4xx_HAL_Driver/Src/stm32f4xx_hal_i2c.c
Invoking: MCU GCC Compiler
/home/isa/Documents/SoftSys/STM32CubeF4/Projects/STM32F446ZE-Nucleo/Applications/USB_Device/HID_Standalone/SW4STM32/STM32F446ZE_Nucleo_USBD-FS/Debug
arm-none-eabi-gcc -mcpu=cortex-m4 -mthumb -mfloat-abi=hard -mfpu=fpv4-sp-d16 -DUSE_HAL_DRIVER -DSTM32F446xx -DUSE_STM32F4XX_NUCLEO_144 -I"/home/isa/Documents/SoftSys/STM32CubeF4/Projects/STM32F446ZE-Nucleo/Applications/USB_Device/HID_Standalone/Inc" -I"/home/isa/Documents/SoftSys/STM32CubeF4/Drivers/CMSIS/Device/ST/STM32F4xx/Include" -I"/home/isa/Documents/SoftSys/STM32CubeF4/Drivers/STM32F4xx_HAL_Driver/Inc" -I"/home/isa/Documents/SoftSys/STM32CubeF4/Drivers/BSP/STM32F4xx_Nucleo_144" -I"/home/isa/Documents/SoftSys/STM32CubeF4/Middlewares/ST/STM32_USB_Device_Library/Core/Inc" -I"/home/isa/Documents/SoftSys/STM32CubeF4/Middlewares/ST/STM32_USB_Device_Library/Class/HID/Inc" -I"/home/isa/Documents/SoftSys/STM32CubeF4/Drivers/CMSIS/Include"  -Os -g3 -Wall -fmessage-length=0 -ffunction-sections -c -fmessage-length=0 -MMD -MP -MF"Drivers/STM32F4xx_HAL_Driver/stm32f4xx_hal_i2c.d" -MT"Drivers/STM32F4xx_HAL_Driver/stm32f4xx_hal_i2c.o" -o "Drivers/STM32F4xx_HAL_Driver/stm32f4xx_hal_i2c.o" "/home/isa/Documents/SoftSys/STM32CubeF4/Drivers/STM32F4xx_HAL_Driver/Src/stm32f4xx_hal_i2c.c"
Finished building: /home/isa/Documents/SoftSys/STM32CubeF4/Drivers/STM32F4xx_HAL_Driver/Src/stm32f4xx_hal_i2c.c
 
Building file: /home/isa/Documents/SoftSys/STM32CubeF4/Drivers/STM32F4xx_HAL_Driver/Src/stm32f4xx_hal_i2c_ex.c
Invoking: MCU GCC Compiler
/home/isa/Documents/SoftSys/STM32CubeF4/Projects/STM32F446ZE-Nucleo/Applications/USB_Device/HID_Standalone/SW4STM32/STM32F446ZE_Nucleo_USBD-FS/Debug
arm-none-eabi-gcc -mcpu=cortex-m4 -mthumb -mfloat-abi=hard -mfpu=fpv4-sp-d16 -DUSE_HAL_DRIVER -DSTM32F446xx -DUSE_STM32F4XX_NUCLEO_144 -I"/home/isa/Documents/SoftSys/STM32CubeF4/Projects/STM32F446ZE-Nucleo/Applications/USB_Device/HID_Standalone/Inc" -I"/home/isa/Documents/SoftSys/STM32CubeF4/Drivers/CMSIS/Device/ST/STM32F4xx/Include" -I"/home/isa/Documents/SoftSys/STM32CubeF4/Drivers/STM32F4xx_HAL_Driver/Inc" -I"/home/isa/Documents/SoftSys/STM32CubeF4/Drivers/BSP/STM32F4xx_Nucleo_144" -I"/home/isa/Documents/SoftSys/STM32CubeF4/Middlewares/ST/STM32_USB_Device_Library/Core/Inc" -I"/home/isa/Documents/SoftSys/STM32CubeF4/Middlewares/ST/STM32_USB_Device_Library/Class/HID/Inc" -I"/home/isa/Documents/SoftSys/STM32CubeF4/Drivers/CMSIS/Include"  -Os -g3 -Wall -fmessage-length=0 -ffunction-sections -c -fmessage-length=0 -MMD -MP -MF"Drivers/STM32F4xx_HAL_Driver/stm32f4xx_hal_i2c_ex.d" -MT"Drivers/STM32F4xx_HAL_Driver/stm32f4xx_hal_i2c_ex.o" -o "Drivers/STM32F4xx_HAL_Driver/stm32f4xx_hal_i2c_ex.o" "/home/isa/Documents/SoftSys/STM32CubeF4/Drivers/STM32F4xx_HAL_Driver/Src/stm32f4xx_hal_i2c_ex.c"
Finished building: /home/isa/Documents/SoftSys/STM32CubeF4/Drivers/STM32F4xx_HAL_Driver/Src/stm32f4xx_hal_i2c_ex.c
 
Building file: /home/isa/Documents/SoftSys/STM32CubeF4/Drivers/STM32F4xx_HAL_Driver/Src/stm32f4xx_hal_pcd.c
Invoking: MCU GCC Compiler
/home/isa/Documents/SoftSys/STM32CubeF4/Projects/STM32F446ZE-Nucleo/Applications/USB_Device/HID_Standalone/SW4STM32/STM32F446ZE_Nucleo_USBD-FS/Debug
arm-none-eabi-gcc -mcpu=cortex-m4 -mthumb -mfloat-abi=hard -mfpu=fpv4-sp-d16 -DUSE_HAL_DRIVER -DSTM32F446xx -DUSE_STM32F4XX_NUCLEO_144 -I"/home/isa/Documents/SoftSys/STM32CubeF4/Projects/STM32F446ZE-Nucleo/Applications/USB_Device/HID_Standalone/Inc" -I"/home/isa/Documents/SoftSys/STM32CubeF4/Drivers/CMSIS/Device/ST/STM32F4xx/Include" -I"/home/isa/Documents/SoftSys/STM32CubeF4/Drivers/STM32F4xx_HAL_Driver/Inc" -I"/home/isa/Documents/SoftSys/STM32CubeF4/Drivers/BSP/STM32F4xx_Nucleo_144" -I"/home/isa/Documents/SoftSys/STM32CubeF4/Middlewares/ST/STM32_USB_Device_Library/Core/Inc" -I"/home/isa/Documents/SoftSys/STM32CubeF4/Middlewares/ST/STM32_USB_Device_Library/Class/HID/Inc" -I"/home/isa/Documents/SoftSys/STM32CubeF4/Drivers/CMSIS/Include"  -Os -g3 -Wall -fmessage-length=0 -ffunction-sections -c -fmessage-length=0 -MMD -MP -MF"Drivers/STM32F4xx_HAL_Driver/stm32f4xx_hal_pcd.d" -MT"Drivers/STM32F4xx_HAL_Driver/stm32f4xx_hal_pcd.o" -o "Drivers/STM32F4xx_HAL_Driver/stm32f4xx_hal_pcd.o" "/home/isa/Documents/SoftSys/STM32CubeF4/Drivers/STM32F4xx_HAL_Driver/Src/stm32f4xx_hal_pcd.c"
Finished building: /home/isa/Documents/SoftSys/STM32CubeF4/Drivers/STM32F4xx_HAL_Driver/Src/stm32f4xx_hal_pcd.c
 
Building file: /home/isa/Documents/SoftSys/STM32CubeF4/Drivers/STM32F4xx_HAL_Driver/Src/stm32f4xx_hal_pcd_ex.c
Invoking: MCU GCC Compiler
/home/isa/Documents/SoftSys/STM32CubeF4/Projects/STM32F446ZE-Nucleo/Applications/USB_Device/HID_Standalone/SW4STM32/STM32F446ZE_Nucleo_USBD-FS/Debug
arm-none-eabi-gcc -mcpu=cortex-m4 -mthumb -mfloat-abi=hard -mfpu=fpv4-sp-d16 -DUSE_HAL_DRIVER -DSTM32F446xx -DUSE_STM32F4XX_NUCLEO_144 -I"/home/isa/Documents/SoftSys/STM32CubeF4/Projects/STM32F446ZE-Nucleo/Applications/USB_Device/HID_Standalone/Inc" -I"/home/isa/Documents/SoftSys/STM32CubeF4/Drivers/CMSIS/Device/ST/STM32F4xx/Include" -I"/home/isa/Documents/SoftSys/STM32CubeF4/Drivers/STM32F4xx_HAL_Driver/Inc" -I"/home/isa/Documents/SoftSys/STM32CubeF4/Drivers/BSP/STM32F4xx_Nucleo_144" -I"/home/isa/Documents/SoftSys/STM32CubeF4/Middlewares/ST/STM32_USB_Device_Library/Core/Inc" -I"/home/isa/Documents/SoftSys/STM32CubeF4/Middlewares/ST/STM32_USB_Device_Library/Class/HID/Inc" -I"/home/isa/Documents/SoftSys/STM32CubeF4/Drivers/CMSIS/Include"  -Os -g3 -Wall -fmessage-length=0 -ffunction-sections -c -fmessage-length=0 -MMD -MP -MF"Drivers/STM32F4xx_HAL_Driver/stm32f4xx_hal_pcd_ex.d" -MT"Drivers/STM32F4xx_HAL_Driver/stm32f4xx_hal_pcd_ex.o" -o "Drivers/STM32F4xx_HAL_Driver/stm32f4xx_hal_pcd_ex.o" "/home/isa/Documents/SoftSys/STM32CubeF4/Drivers/STM32F4xx_HAL_Driver/Src/stm32f4xx_hal_pcd_ex.c"
Finished building: /home/isa/Documents/SoftSys/STM32CubeF4/Drivers/STM32F4xx_HAL_Driver/Src/stm32f4xx_hal_pcd_ex.c
 
Building file: /home/isa/Documents/SoftSys/STM32CubeF4/Drivers/STM32F4xx_HAL_Driver/Src/stm32f4xx_hal_pwr.c
Invoking: MCU GCC Compiler
/home/isa/Documents/SoftSys/STM32CubeF4/Projects/STM32F446ZE-Nucleo/Applications/USB_Device/HID_Standalone/SW4STM32/STM32F446ZE_Nucleo_USBD-FS/Debug
arm-none-eabi-gcc -mcpu=cortex-m4 -mthumb -mfloat-abi=hard -mfpu=fpv4-sp-d16 -DUSE_HAL_DRIVER -DSTM32F446xx -DUSE_STM32F4XX_NUCLEO_144 -I"/home/isa/Documents/SoftSys/STM32CubeF4/Projects/STM32F446ZE-Nucleo/Applications/USB_Device/HID_Standalone/Inc" -I"/home/isa/Documents/SoftSys/STM32CubeF4/Drivers/CMSIS/Device/ST/STM32F4xx/Include" -I"/home/isa/Documents/SoftSys/STM32CubeF4/Drivers/STM32F4xx_HAL_Driver/Inc" -I"/home/isa/Documents/SoftSys/STM32CubeF4/Drivers/BSP/STM32F4xx_Nucleo_144" -I"/home/isa/Documents/SoftSys/STM32CubeF4/Middlewares/ST/STM32_USB_Device_Library/Core/Inc" -I"/home/isa/Documents/SoftSys/STM32CubeF4/Middlewares/ST/STM32_USB_Device_Library/Class/HID/Inc" -I"/home/isa/Documents/SoftSys/STM32CubeF4/Drivers/CMSIS/Include"  -Os -g3 -Wall -fmessage-length=0 -ffunction-sections -c -fmessage-length=0 -MMD -MP -MF"Drivers/STM32F4xx_HAL_Driver/stm32f4xx_hal_pwr.d" -MT"Drivers/STM32F4xx_HAL_Driver/stm32f4xx_hal_pwr.o" -o "Drivers/STM32F4xx_HAL_Driver/stm32f4xx_hal_pwr.o" "/home/isa/Documents/SoftSys/STM32CubeF4/Drivers/STM32F4xx_HAL_Driver/Src/stm32f4xx_hal_pwr.c"
Finished building: /home/isa/Documents/SoftSys/STM32CubeF4/Drivers/STM32F4xx_HAL_Driver/Src/stm32f4xx_hal_pwr.c
 
Building file: /home/isa/Documents/SoftSys/STM32CubeF4/Drivers/STM32F4xx_HAL_Driver/Src/stm32f4xx_hal_pwr_ex.c
Invoking: MCU GCC Compiler
/home/isa/Documents/SoftSys/STM32CubeF4/Projects/STM32F446ZE-Nucleo/Applications/USB_Device/HID_Standalone/SW4STM32/STM32F446ZE_Nucleo_USBD-FS/Debug
arm-none-eabi-gcc -mcpu=cortex-m4 -mthumb -mfloat-abi=hard -mfpu=fpv4-sp-d16 -DUSE_HAL_DRIVER -DSTM32F446xx -DUSE_STM32F4XX_NUCLEO_144 -I"/home/isa/Documents/SoftSys/STM32CubeF4/Projects/STM32F446ZE-Nucleo/Applications/USB_Device/HID_Standalone/Inc" -I"/home/isa/Documents/SoftSys/STM32CubeF4/Drivers/CMSIS/Device/ST/STM32F4xx/Include" -I"/home/isa/Documents/SoftSys/STM32CubeF4/Drivers/STM32F4xx_HAL_Driver/Inc" -I"/home/isa/Documents/SoftSys/STM32CubeF4/Drivers/BSP/STM32F4xx_Nucleo_144" -I"/home/isa/Documents/SoftSys/STM32CubeF4/Middlewares/ST/STM32_USB_Device_Library/Core/Inc" -I"/home/isa/Documents/SoftSys/STM32CubeF4/Middlewares/ST/STM32_USB_Device_Library/Class/HID/Inc" -I"/home/isa/Documents/SoftSys/STM32CubeF4/Drivers/CMSIS/Include"  -Os -g3 -Wall -fmessage-length=0 -ffunction-sections -c -fmessage-length=0 -MMD -MP -MF"Drivers/STM32F4xx_HAL_Driver/stm32f4xx_hal_pwr_ex.d" -MT"Drivers/STM32F4xx_HAL_Driver/stm32f4xx_hal_pwr_ex.o" -o "Drivers/STM32F4xx_HAL_Driver/stm32f4xx_hal_pwr_ex.o" "/home/isa/Documents/SoftSys/STM32CubeF4/Drivers/STM32F4xx_HAL_Driver/Src/stm32f4xx_hal_pwr_ex.c"
Finished building: /home/isa/Documents/SoftSys/STM32CubeF4/Drivers/STM32F4xx_HAL_Driver/Src/stm32f4xx_hal_pwr_ex.c
 
Building file: /home/isa/Documents/SoftSys/STM32CubeF4/Drivers/STM32F4xx_HAL_Driver/Src/stm32f4xx_hal_rcc.c
Invoking: MCU GCC Compiler
/home/isa/Documents/SoftSys/STM32CubeF4/Projects/STM32F446ZE-Nucleo/Applications/USB_Device/HID_Standalone/SW4STM32/STM32F446ZE_Nucleo_USBD-FS/Debug
arm-none-eabi-gcc -mcpu=cortex-m4 -mthumb -mfloat-abi=hard -mfpu=fpv4-sp-d16 -DUSE_HAL_DRIVER -DSTM32F446xx -DUSE_STM32F4XX_NUCLEO_144 -I"/home/isa/Documents/SoftSys/STM32CubeF4/Projects/STM32F446ZE-Nucleo/Applications/USB_Device/HID_Standalone/Inc" -I"/home/isa/Documents/SoftSys/STM32CubeF4/Drivers/CMSIS/Device/ST/STM32F4xx/Include" -I"/home/isa/Documents/SoftSys/STM32CubeF4/Drivers/STM32F4xx_HAL_Driver/Inc" -I"/home/isa/Documents/SoftSys/STM32CubeF4/Drivers/BSP/STM32F4xx_Nucleo_144" -I"/home/isa/Documents/SoftSys/STM32CubeF4/Middlewares/ST/STM32_USB_Device_Library/Core/Inc" -I"/home/isa/Documents/SoftSys/STM32CubeF4/Middlewares/ST/STM32_USB_Device_Library/Class/HID/Inc" -I"/home/isa/Documents/SoftSys/STM32CubeF4/Drivers/CMSIS/Include"  -Os -g3 -Wall -fmessage-length=0 -ffunction-sections -c -fmessage-length=0 -MMD -MP -MF"Drivers/STM32F4xx_HAL_Driver/stm32f4xx_hal_rcc.d" -MT"Drivers/STM32F4xx_HAL_Driver/stm32f4xx_hal_rcc.o" -o "Drivers/STM32F4xx_HAL_Driver/stm32f4xx_hal_rcc.o" "/home/isa/Documents/SoftSys/STM32CubeF4/Drivers/STM32F4xx_HAL_Driver/Src/stm32f4xx_hal_rcc.c"
Finished building: /home/isa/Documents/SoftSys/STM32CubeF4/Drivers/STM32F4xx_HAL_Driver/Src/stm32f4xx_hal_rcc.c
 
Building file: /home/isa/Documents/SoftSys/STM32CubeF4/Drivers/STM32F4xx_HAL_Driver/Src/stm32f4xx_hal_rcc_ex.c
Invoking: MCU GCC Compiler
/home/isa/Documents/SoftSys/STM32CubeF4/Projects/STM32F446ZE-Nucleo/Applications/USB_Device/HID_Standalone/SW4STM32/STM32F446ZE_Nucleo_USBD-FS/Debug
arm-none-eabi-gcc -mcpu=cortex-m4 -mthumb -mfloat-abi=hard -mfpu=fpv4-sp-d16 -DUSE_HAL_DRIVER -DSTM32F446xx -DUSE_STM32F4XX_NUCLEO_144 -I"/home/isa/Documents/SoftSys/STM32CubeF4/Projects/STM32F446ZE-Nucleo/Applications/USB_Device/HID_Standalone/Inc" -I"/home/isa/Documents/SoftSys/STM32CubeF4/Drivers/CMSIS/Device/ST/STM32F4xx/Include" -I"/home/isa/Documents/SoftSys/STM32CubeF4/Drivers/STM32F4xx_HAL_Driver/Inc" -I"/home/isa/Documents/SoftSys/STM32CubeF4/Drivers/BSP/STM32F4xx_Nucleo_144" -I"/home/isa/Documents/SoftSys/STM32CubeF4/Middlewares/ST/STM32_USB_Device_Library/Core/Inc" -I"/home/isa/Documents/SoftSys/STM32CubeF4/Middlewares/ST/STM32_USB_Device_Library/Class/HID/Inc" -I"/home/isa/Documents/SoftSys/STM32CubeF4/Drivers/CMSIS/Include"  -Os -g3 -Wall -fmessage-length=0 -ffunction-sections -c -fmessage-length=0 -MMD -MP -MF"Drivers/STM32F4xx_HAL_Driver/stm32f4xx_hal_rcc_ex.d" -MT"Drivers/STM32F4xx_HAL_Driver/stm32f4xx_hal_rcc_ex.o" -o "Drivers/STM32F4xx_HAL_Driver/stm32f4xx_hal_rcc_ex.o" "/home/isa/Documents/SoftSys/STM32CubeF4/Drivers/STM32F4xx_HAL_Driver/Src/stm32f4xx_hal_rcc_ex.c"
Finished building: /home/isa/Documents/SoftSys/STM32CubeF4/Drivers/STM32F4xx_HAL_Driver/Src/stm32f4xx_hal_rcc_ex.c
 
Building file: /home/isa/Documents/SoftSys/STM32CubeF4/Drivers/STM32F4xx_HAL_Driver/Src/stm32f4xx_hal_sdram.c
Invoking: MCU GCC Compiler
/home/isa/Documents/SoftSys/STM32CubeF4/Projects/STM32F446ZE-Nucleo/Applications/USB_Device/HID_Standalone/SW4STM32/STM32F446ZE_Nucleo_USBD-FS/Debug
arm-none-eabi-gcc -mcpu=cortex-m4 -mthumb -mfloat-abi=hard -mfpu=fpv4-sp-d16 -DUSE_HAL_DRIVER -DSTM32F446xx -DUSE_STM32F4XX_NUCLEO_144 -I"/home/isa/Documents/SoftSys/STM32CubeF4/Projects/STM32F446ZE-Nucleo/Applications/USB_Device/HID_Standalone/Inc" -I"/home/isa/Documents/SoftSys/STM32CubeF4/Drivers/CMSIS/Device/ST/STM32F4xx/Include" -I"/home/isa/Documents/SoftSys/STM32CubeF4/Drivers/STM32F4xx_HAL_Driver/Inc" -I"/home/isa/Documents/SoftSys/STM32CubeF4/Drivers/BSP/STM32F4xx_Nucleo_144" -I"/home/isa/Documents/SoftSys/STM32CubeF4/Middlewares/ST/STM32_USB_Device_Library/Core/Inc" -I"/home/isa/Documents/SoftSys/STM32CubeF4/Middlewares/ST/STM32_USB_Device_Library/Class/HID/Inc" -I"/home/isa/Documents/SoftSys/STM32CubeF4/Drivers/CMSIS/Include"  -Os -g3 -Wall -fmessage-length=0 -ffunction-sections -c -fmessage-length=0 -MMD -MP -MF"Drivers/STM32F4xx_HAL_Driver/stm32f4xx_hal_sdram.d" -MT"Drivers/STM32F4xx_HAL_Driver/stm32f4xx_hal_sdram.o" -o "Drivers/STM32F4xx_HAL_Driver/stm32f4xx_hal_sdram.o" "/home/isa/Documents/SoftSys/STM32CubeF4/Drivers/STM32F4xx_HAL_Driver/Src/stm32f4xx_hal_sdram.c"
Finished building: /home/isa/Documents/SoftSys/STM32CubeF4/Drivers/STM32F4xx_HAL_Driver/Src/stm32f4xx_hal_sdram.c
 
Building file: /home/isa/Documents/SoftSys/STM32CubeF4/Drivers/STM32F4xx_HAL_Driver/Src/stm32f4xx_hal_sram.c
Invoking: MCU GCC Compiler
/home/isa/Documents/SoftSys/STM32CubeF4/Projects/STM32F446ZE-Nucleo/Applications/USB_Device/HID_Standalone/SW4STM32/STM32F446ZE_Nucleo_USBD-FS/Debug
arm-none-eabi-gcc -mcpu=cortex-m4 -mthumb -mfloat-abi=hard -mfpu=fpv4-sp-d16 -DUSE_HAL_DRIVER -DSTM32F446xx -DUSE_STM32F4XX_NUCLEO_144 -I"/home/isa/Documents/SoftSys/STM32CubeF4/Projects/STM32F446ZE-Nucleo/Applications/USB_Device/HID_Standalone/Inc" -I"/home/isa/Documents/SoftSys/STM32CubeF4/Drivers/CMSIS/Device/ST/STM32F4xx/Include" -I"/home/isa/Documents/SoftSys/STM32CubeF4/Drivers/STM32F4xx_HAL_Driver/Inc" -I"/home/isa/Documents/SoftSys/STM32CubeF4/Drivers/BSP/STM32F4xx_Nucleo_144" -I"/home/isa/Documents/SoftSys/STM32CubeF4/Middlewares/ST/STM32_USB_Device_Library/Core/Inc" -I"/home/isa/Documents/SoftSys/STM32CubeF4/Middlewares/ST/STM32_USB_Device_Library/Class/HID/Inc" -I"/home/isa/Documents/SoftSys/STM32CubeF4/Drivers/CMSIS/Include"  -Os -g3 -Wall -fmessage-length=0 -ffunction-sections -c -fmessage-length=0 -MMD -MP -MF"Drivers/STM32F4xx_HAL_Driver/stm32f4xx_hal_sram.d" -MT"Drivers/STM32F4xx_HAL_Driver/stm32f4xx_hal_sram.o" -o "Drivers/STM32F4xx_HAL_Driver/stm32f4xx_hal_sram.o" "/home/isa/Documents/SoftSys/STM32CubeF4/Drivers/STM32F4xx_HAL_Driver/Src/stm32f4xx_hal_sram.c"
Finished building: /home/isa/Documents/SoftSys/STM32CubeF4/Drivers/STM32F4xx_HAL_Driver/Src/stm32f4xx_hal_sram.c
 
Building file: /home/isa/Documents/SoftSys/STM32CubeF4/Drivers/STM32F4xx_HAL_Driver/Src/stm32f4xx_hal_uart.c
Invoking: MCU GCC Compiler
/home/isa/Documents/SoftSys/STM32CubeF4/Projects/STM32F446ZE-Nucleo/Applications/USB_Device/HID_Standalone/SW4STM32/STM32F446ZE_Nucleo_USBD-FS/Debug
arm-none-eabi-gcc -mcpu=cortex-m4 -mthumb -mfloat-abi=hard -mfpu=fpv4-sp-d16 -DUSE_HAL_DRIVER -DSTM32F446xx -DUSE_STM32F4XX_NUCLEO_144 -I"/home/isa/Documents/SoftSys/STM32CubeF4/Projects/STM32F446ZE-Nucleo/Applications/USB_Device/HID_Standalone/Inc" -I"/home/isa/Documents/SoftSys/STM32CubeF4/Drivers/CMSIS/Device/ST/STM32F4xx/Include" -I"/home/isa/Documents/SoftSys/STM32CubeF4/Drivers/STM32F4xx_HAL_Driver/Inc" -I"/home/isa/Documents/SoftSys/STM32CubeF4/Drivers/BSP/STM32F4xx_Nucleo_144" -I"/home/isa/Documents/SoftSys/STM32CubeF4/Middlewares/ST/STM32_USB_Device_Library/Core/Inc" -I"/home/isa/Documents/SoftSys/STM32CubeF4/Middlewares/ST/STM32_USB_Device_Library/Class/HID/Inc" -I"/home/isa/Documents/SoftSys/STM32CubeF4/Drivers/CMSIS/Include"  -Os -g3 -Wall -fmessage-length=0 -ffunction-sections -c -fmessage-length=0 -MMD -MP -MF"Drivers/STM32F4xx_HAL_Driver/stm32f4xx_hal_uart.d" -MT"Drivers/STM32F4xx_HAL_Driver/stm32f4xx_hal_uart.o" -o "Drivers/STM32F4xx_HAL_Driver/stm32f4xx_hal_uart.o" "/home/isa/Documents/SoftSys/STM32CubeF4/Drivers/STM32F4xx_HAL_Driver/Src/stm32f4xx_hal_uart.c"
Finished building: /home/isa/Documents/SoftSys/STM32CubeF4/Drivers/STM32F4xx_HAL_Driver/Src/stm32f4xx_hal_uart.c
 
Building file: /home/isa/Documents/SoftSys/STM32CubeF4/Drivers/STM32F4xx_HAL_Driver/Src/stm32f4xx_ll_fmc.c
Invoking: MCU GCC Compiler
/home/isa/Documents/SoftSys/STM32CubeF4/Projects/STM32F446ZE-Nucleo/Applications/USB_Device/HID_Standalone/SW4STM32/STM32F446ZE_Nucleo_USBD-FS/Debug
arm-none-eabi-gcc -mcpu=cortex-m4 -mthumb -mfloat-abi=hard -mfpu=fpv4-sp-d16 -DUSE_HAL_DRIVER -DSTM32F446xx -DUSE_STM32F4XX_NUCLEO_144 -I"/home/isa/Documents/SoftSys/STM32CubeF4/Projects/STM32F446ZE-Nucleo/Applications/USB_Device/HID_Standalone/Inc" -I"/home/isa/Documents/SoftSys/STM32CubeF4/Drivers/CMSIS/Device/ST/STM32F4xx/Include" -I"/home/isa/Documents/SoftSys/STM32CubeF4/Drivers/STM32F4xx_HAL_Driver/Inc" -I"/home/isa/Documents/SoftSys/STM32CubeF4/Drivers/BSP/STM32F4xx_Nucleo_144" -I"/home/isa/Documents/SoftSys/STM32CubeF4/Middlewares/ST/STM32_USB_Device_Library/Core/Inc" -I"/home/isa/Documents/SoftSys/STM32CubeF4/Middlewares/ST/STM32_USB_Device_Library/Class/HID/Inc" -I"/home/isa/Documents/SoftSys/STM32CubeF4/Drivers/CMSIS/Include"  -Os -g3 -Wall -fmessage-length=0 -ffunction-sections -c -fmessage-length=0 -MMD -MP -MF"Drivers/STM32F4xx_HAL_Driver/stm32f4xx_ll_fmc.d" -MT"Drivers/STM32F4xx_HAL_Driver/stm32f4xx_ll_fmc.o" -o "Drivers/STM32F4xx_HAL_Driver/stm32f4xx_ll_fmc.o" "/home/isa/Documents/SoftSys/STM32CubeF4/Drivers/STM32F4xx_HAL_Driver/Src/stm32f4xx_ll_fmc.c"
Finished building: /home/isa/Documents/SoftSys/STM32CubeF4/Drivers/STM32F4xx_HAL_Driver/Src/stm32f4xx_ll_fmc.c
 
Building file: /home/isa/Documents/SoftSys/STM32CubeF4/Drivers/STM32F4xx_HAL_Driver/Src/stm32f4xx_ll_fsmc.c
Invoking: MCU GCC Compiler
/home/isa/Documents/SoftSys/STM32CubeF4/Projects/STM32F446ZE-Nucleo/Applications/USB_Device/HID_Standalone/SW4STM32/STM32F446ZE_Nucleo_USBD-FS/Debug
arm-none-eabi-gcc -mcpu=cortex-m4 -mthumb -mfloat-abi=hard -mfpu=fpv4-sp-d16 -DUSE_HAL_DRIVER -DSTM32F446xx -DUSE_STM32F4XX_NUCLEO_144 -I"/home/isa/Documents/SoftSys/STM32CubeF4/Projects/STM32F446ZE-Nucleo/Applications/USB_Device/HID_Standalone/Inc" -I"/home/isa/Documents/SoftSys/STM32CubeF4/Drivers/CMSIS/Device/ST/STM32F4xx/Include" -I"/home/isa/Documents/SoftSys/STM32CubeF4/Drivers/STM32F4xx_HAL_Driver/Inc" -I"/home/isa/Documents/SoftSys/STM32CubeF4/Drivers/BSP/STM32F4xx_Nucleo_144" -I"/home/isa/Documents/SoftSys/STM32CubeF4/Middlewares/ST/STM32_USB_Device_Library/Core/Inc" -I"/home/isa/Documents/SoftSys/STM32CubeF4/Middlewares/ST/STM32_USB_Device_Library/Class/HID/Inc" -I"/home/isa/Documents/SoftSys/STM32CubeF4/Drivers/CMSIS/Include"  -Os -g3 -Wall -fmessage-length=0 -ffunction-sections -c -fmessage-length=0 -MMD -MP -MF"Drivers/STM32F4xx_HAL_Driver/stm32f4xx_ll_fsmc.d" -MT"Drivers/STM32F4xx_HAL_Driver/stm32f4xx_ll_fsmc.o" -o "Drivers/STM32F4xx_HAL_Driver/stm32f4xx_ll_fsmc.o" "/home/isa/Documents/SoftSys/STM32CubeF4/Drivers/STM32F4xx_HAL_Driver/Src/stm32f4xx_ll_fsmc.c"
Finished building: /home/isa/Documents/SoftSys/STM32CubeF4/Drivers/STM32F4xx_HAL_Driver/Src/stm32f4xx_ll_fsmc.c
 
Building file: /home/isa/Documents/SoftSys/STM32CubeF4/Drivers/STM32F4xx_HAL_Driver/Src/stm32f4xx_ll_usb.c
Invoking: MCU GCC Compiler
/home/isa/Documents/SoftSys/STM32CubeF4/Projects/STM32F446ZE-Nucleo/Applications/USB_Device/HID_Standalone/SW4STM32/STM32F446ZE_Nucleo_USBD-FS/Debug
arm-none-eabi-gcc -mcpu=cortex-m4 -mthumb -mfloat-abi=hard -mfpu=fpv4-sp-d16 -DUSE_HAL_DRIVER -DSTM32F446xx -DUSE_STM32F4XX_NUCLEO_144 -I"/home/isa/Documents/SoftSys/STM32CubeF4/Projects/STM32F446ZE-Nucleo/Applications/USB_Device/HID_Standalone/Inc" -I"/home/isa/Documents/SoftSys/STM32CubeF4/Drivers/CMSIS/Device/ST/STM32F4xx/Include" -I"/home/isa/Documents/SoftSys/STM32CubeF4/Drivers/STM32F4xx_HAL_Driver/Inc" -I"/home/isa/Documents/SoftSys/STM32CubeF4/Drivers/BSP/STM32F4xx_Nucleo_144" -I"/home/isa/Documents/SoftSys/STM32CubeF4/Middlewares/ST/STM32_USB_Device_Library/Core/Inc" -I"/home/isa/Documents/SoftSys/STM32CubeF4/Middlewares/ST/STM32_USB_Device_Library/Class/HID/Inc" -I"/home/isa/Documents/SoftSys/STM32CubeF4/Drivers/CMSIS/Include"  -Os -g3 -Wall -fmessage-length=0 -ffunction-sections -c -fmessage-length=0 -MMD -MP -MF"Drivers/STM32F4xx_HAL_Driver/stm32f4xx_ll_usb.d" -MT"Drivers/STM32F4xx_HAL_Driver/stm32f4xx_ll_usb.o" -o "Drivers/STM32F4xx_HAL_Driver/stm32f4xx_ll_usb.o" "/home/isa/Documents/SoftSys/STM32CubeF4/Drivers/STM32F4xx_HAL_Driver/Src/stm32f4xx_ll_usb.c"
Finished building: /home/isa/Documents/SoftSys/STM32CubeF4/Drivers/STM32F4xx_HAL_Driver/Src/stm32f4xx_ll_usb.c
 
Building file: /home/isa/Documents/SoftSys/STM32CubeF4/Projects/STM32F446ZE-Nucleo/Applications/USB_Device/HID_Standalone/Src/system_stm32f4xx.c
Invoking: MCU GCC Compiler
/home/isa/Documents/SoftSys/STM32CubeF4/Projects/STM32F446ZE-Nucleo/Applications/USB_Device/HID_Standalone/SW4STM32/STM32F446ZE_Nucleo_USBD-FS/Debug
arm-none-eabi-gcc -mcpu=cortex-m4 -mthumb -mfloat-abi=hard -mfpu=fpv4-sp-d16 -DUSE_HAL_DRIVER -DSTM32F446xx -DUSE_STM32F4XX_NUCLEO_144 -I"/home/isa/Documents/SoftSys/STM32CubeF4/Projects/STM32F446ZE-Nucleo/Applications/USB_Device/HID_Standalone/Inc" -I"/home/isa/Documents/SoftSys/STM32CubeF4/Drivers/CMSIS/Device/ST/STM32F4xx/Include" -I"/home/isa/Documents/SoftSys/STM32CubeF4/Drivers/STM32F4xx_HAL_Driver/Inc" -I"/home/isa/Documents/SoftSys/STM32CubeF4/Drivers/BSP/STM32F4xx_Nucleo_144" -I"/home/isa/Documents/SoftSys/STM32CubeF4/Middlewares/ST/STM32_USB_Device_Library/Core/Inc" -I"/home/isa/Documents/SoftSys/STM32CubeF4/Middlewares/ST/STM32_USB_Device_Library/Class/HID/Inc" -I"/home/isa/Documents/SoftSys/STM32CubeF4/Drivers/CMSIS/Include"  -Os -g3 -Wall -fmessage-length=0 -ffunction-sections -c -fmessage-length=0 -MMD -MP -MF"Drivers/CMSIS/system_stm32f4xx.d" -MT"Drivers/CMSIS/system_stm32f4xx.o" -o "Drivers/CMSIS/system_stm32f4xx.o" "/home/isa/Documents/SoftSys/STM32CubeF4/Projects/STM32F446ZE-Nucleo/Applications/USB_Device/HID_Standalone/Src/system_stm32f4xx.c"
Finished building: /home/isa/Documents/SoftSys/STM32CubeF4/Projects/STM32F446ZE-Nucleo/Applications/USB_Device/HID_Standalone/Src/system_stm32f4xx.c
 
Building file: /home/isa/Documents/SoftSys/STM32CubeF4/Drivers/BSP/STM32F4xx_Nucleo_144/stm32f4xx_nucleo_144.c
Invoking: MCU GCC Compiler
/home/isa/Documents/SoftSys/STM32CubeF4/Projects/STM32F446ZE-Nucleo/Applications/USB_Device/HID_Standalone/SW4STM32/STM32F446ZE_Nucleo_USBD-FS/Debug
arm-none-eabi-gcc -mcpu=cortex-m4 -mthumb -mfloat-abi=hard -mfpu=fpv4-sp-d16 -DUSE_HAL_DRIVER -DSTM32F446xx -DUSE_STM32F4XX_NUCLEO_144 -I"/home/isa/Documents/SoftSys/STM32CubeF4/Projects/STM32F446ZE-Nucleo/Applications/USB_Device/HID_Standalone/Inc" -I"/home/isa/Documents/SoftSys/STM32CubeF4/Drivers/CMSIS/Device/ST/STM32F4xx/Include" -I"/home/isa/Documents/SoftSys/STM32CubeF4/Drivers/STM32F4xx_HAL_Driver/Inc" -I"/home/isa/Documents/SoftSys/STM32CubeF4/Drivers/BSP/STM32F4xx_Nucleo_144" -I"/home/isa/Documents/SoftSys/STM32CubeF4/Middlewares/ST/STM32_USB_Device_Library/Core/Inc" -I"/home/isa/Documents/SoftSys/STM32CubeF4/Middlewares/ST/STM32_USB_Device_Library/Class/HID/Inc" -I"/home/isa/Documents/SoftSys/STM32CubeF4/Drivers/CMSIS/Include"  -Os -g3 -Wall -fmessage-length=0 -ffunction-sections -c -fmessage-length=0 -MMD -MP -MF"Drivers/BSP/STM32F4xx_Nucleo/stm32f4xx_nucleo_144.d" -MT"Drivers/BSP/STM32F4xx_Nucleo/stm32f4xx_nucleo_144.o" -o "Drivers/BSP/STM32F4xx_Nucleo/stm32f4xx_nucleo_144.o" "/home/isa/Documents/SoftSys/STM32CubeF4/Drivers/BSP/STM32F4xx_Nucleo_144/stm32f4xx_nucleo_144.c"
Finished building: /home/isa/Documents/SoftSys/STM32CubeF4/Drivers/BSP/STM32F4xx_Nucleo_144/stm32f4xx_nucleo_144.c
 
Building file: /home/isa/Documents/SoftSys/STM32CubeF4/Projects/STM32F446ZE-Nucleo/Applications/USB_Device/HID_Standalone/Src/main.c
Invoking: MCU GCC Compiler
/home/isa/Documents/SoftSys/STM32CubeF4/Projects/STM32F446ZE-Nucleo/Applications/USB_Device/HID_Standalone/SW4STM32/STM32F446ZE_Nucleo_USBD-FS/Debug
arm-none-eabi-gcc -mcpu=cortex-m4 -mthumb -mfloat-abi=hard -mfpu=fpv4-sp-d16 -DUSE_HAL_DRIVER -DSTM32F446xx -DUSE_STM32F4XX_NUCLEO_144 -I"/home/isa/Documents/SoftSys/STM32CubeF4/Projects/STM32F446ZE-Nucleo/Applications/USB_Device/HID_Standalone/Inc" -I"/home/isa/Documents/SoftSys/STM32CubeF4/Drivers/CMSIS/Device/ST/STM32F4xx/Include" -I"/home/isa/Documents/SoftSys/STM32CubeF4/Drivers/STM32F4xx_HAL_Driver/Inc" -I"/home/isa/Documents/SoftSys/STM32CubeF4/Drivers/BSP/STM32F4xx_Nucleo_144" -I"/home/isa/Documents/SoftSys/STM32CubeF4/Middlewares/ST/STM32_USB_Device_Library/Core/Inc" -I"/home/isa/Documents/SoftSys/STM32CubeF4/Middlewares/ST/STM32_USB_Device_Library/Class/HID/Inc" -I"/home/isa/Documents/SoftSys/STM32CubeF4/Drivers/CMSIS/Include"  -Os -g3 -Wall -fmessage-length=0 -ffunction-sections -c -fmessage-length=0 -MMD -MP -MF"Application/User/main.d" -MT"Application/User/main.o" -o "Application/User/main.o" "/home/isa/Documents/SoftSys/STM32CubeF4/Projects/STM32F446ZE-Nucleo/Applications/USB_Device/HID_Standalone/Src/main.c"
Finished building: /home/isa/Documents/SoftSys/STM32CubeF4/Projects/STM32F446ZE-Nucleo/Applications/USB_Device/HID_Standalone/Src/main.c
 
Building file: /home/isa/Documents/SoftSys/STM32CubeF4/Projects/STM32F446ZE-Nucleo/Applications/USB_Device/HID_Standalone/Src/stm32f4xx_it.c
Invoking: MCU GCC Compiler
/home/isa/Documents/SoftSys/STM32CubeF4/Projects/STM32F446ZE-Nucleo/Applications/USB_Device/HID_Standalone/SW4STM32/STM32F446ZE_Nucleo_USBD-FS/Debug
arm-none-eabi-gcc -mcpu=cortex-m4 -mthumb -mfloat-abi=hard -mfpu=fpv4-sp-d16 -DUSE_HAL_DRIVER -DSTM32F446xx -DUSE_STM32F4XX_NUCLEO_144 -I"/home/isa/Documents/SoftSys/STM32CubeF4/Projects/STM32F446ZE-Nucleo/Applications/USB_Device/HID_Standalone/Inc" -I"/home/isa/Documents/SoftSys/STM32CubeF4/Drivers/CMSIS/Device/ST/STM32F4xx/Include" -I"/home/isa/Documents/SoftSys/STM32CubeF4/Drivers/STM32F4xx_HAL_Driver/Inc" -I"/home/isa/Documents/SoftSys/STM32CubeF4/Drivers/BSP/STM32F4xx_Nucleo_144" -I"/home/isa/Documents/SoftSys/STM32CubeF4/Middlewares/ST/STM32_USB_Device_Library/Core/Inc" -I"/home/isa/Documents/SoftSys/STM32CubeF4/Middlewares/ST/STM32_USB_Device_Library/Class/HID/Inc" -I"/home/isa/Documents/SoftSys/STM32CubeF4/Drivers/CMSIS/Include"  -Os -g3 -Wall -fmessage-length=0 -ffunction-sections -c -fmessage-length=0 -MMD -MP -MF"Application/User/stm32f4xx_it.d" -MT"Application/User/stm32f4xx_it.o" -o "Application/User/stm32f4xx_it.o" "/home/isa/Documents/SoftSys/STM32CubeF4/Projects/STM32F446ZE-Nucleo/Applications/USB_Device/HID_Standalone/Src/stm32f4xx_it.c"
Finished building: /home/isa/Documents/SoftSys/STM32CubeF4/Projects/STM32F446ZE-Nucleo/Applications/USB_Device/HID_Standalone/Src/stm32f4xx_it.c
 
Building file: /home/isa/Documents/SoftSys/STM32CubeF4/Projects/STM32F446ZE-Nucleo/Applications/USB_Device/HID_Standalone/Src/usbd_conf.c
Invoking: MCU GCC Compiler
/home/isa/Documents/SoftSys/STM32CubeF4/Projects/STM32F446ZE-Nucleo/Applications/USB_Device/HID_Standalone/SW4STM32/STM32F446ZE_Nucleo_USBD-FS/Debug
arm-none-eabi-gcc -mcpu=cortex-m4 -mthumb -mfloat-abi=hard -mfpu=fpv4-sp-d16 -DUSE_HAL_DRIVER -DSTM32F446xx -DUSE_STM32F4XX_NUCLEO_144 -I"/home/isa/Documents/SoftSys/STM32CubeF4/Projects/STM32F446ZE-Nucleo/Applications/USB_Device/HID_Standalone/Inc" -I"/home/isa/Documents/SoftSys/STM32CubeF4/Drivers/CMSIS/Device/ST/STM32F4xx/Include" -I"/home/isa/Documents/SoftSys/STM32CubeF4/Drivers/STM32F4xx_HAL_Driver/Inc" -I"/home/isa/Documents/SoftSys/STM32CubeF4/Drivers/BSP/STM32F4xx_Nucleo_144" -I"/home/isa/Documents/SoftSys/STM32CubeF4/Middlewares/ST/STM32_USB_Device_Library/Core/Inc" -I"/home/isa/Documents/SoftSys/STM32CubeF4/Middlewares/ST/STM32_USB_Device_Library/Class/HID/Inc" -I"/home/isa/Documents/SoftSys/STM32CubeF4/Drivers/CMSIS/Include"  -Os -g3 -Wall -fmessage-length=0 -ffunction-sections -c -fmessage-length=0 -MMD -MP -MF"Application/User/usbd_conf.d" -MT"Application/User/usbd_conf.o" -o "Application/User/usbd_conf.o" "/home/isa/Documents/SoftSys/STM32CubeF4/Projects/STM32F446ZE-Nucleo/Applications/USB_Device/HID_Standalone/Src/usbd_conf.c"
Finished building: /home/isa/Documents/SoftSys/STM32CubeF4/Projects/STM32F446ZE-Nucleo/Applications/USB_Device/HID_Standalone/Src/usbd_conf.c
 
Building file: /home/isa/Documents/SoftSys/STM32CubeF4/Projects/STM32F446ZE-Nucleo/Applications/USB_Device/HID_Standalone/Src/usbd_desc.c
Invoking: MCU GCC Compiler
/home/isa/Documents/SoftSys/STM32CubeF4/Projects/STM32F446ZE-Nucleo/Applications/USB_Device/HID_Standalone/SW4STM32/STM32F446ZE_Nucleo_USBD-FS/Debug
arm-none-eabi-gcc -mcpu=cortex-m4 -mthumb -mfloat-abi=hard -mfpu=fpv4-sp-d16 -DUSE_HAL_DRIVER -DSTM32F446xx -DUSE_STM32F4XX_NUCLEO_144 -I"/home/isa/Documents/SoftSys/STM32CubeF4/Projects/STM32F446ZE-Nucleo/Applications/USB_Device/HID_Standalone/Inc" -I"/home/isa/Documents/SoftSys/STM32CubeF4/Drivers/CMSIS/Device/ST/STM32F4xx/Include" -I"/home/isa/Documents/SoftSys/STM32CubeF4/Drivers/STM32F4xx_HAL_Driver/Inc" -I"/home/isa/Documents/SoftSys/STM32CubeF4/Drivers/BSP/STM32F4xx_Nucleo_144" -I"/home/isa/Documents/SoftSys/STM32CubeF4/Middlewares/ST/STM32_USB_Device_Library/Core/Inc" -I"/home/isa/Documents/SoftSys/STM32CubeF4/Middlewares/ST/STM32_USB_Device_Library/Class/HID/Inc" -I"/home/isa/Documents/SoftSys/STM32CubeF4/Drivers/CMSIS/Include"  -Os -g3 -Wall -fmessage-length=0 -ffunction-sections -c -fmessage-length=0 -MMD -MP -MF"Application/User/usbd_desc.d" -MT"Application/User/usbd_desc.o" -o "Application/User/usbd_desc.o" "/home/isa/Documents/SoftSys/STM32CubeF4/Projects/STM32F446ZE-Nucleo/Applications/USB_Device/HID_Standalone/Src/usbd_desc.c"
Finished building: /home/isa/Documents/SoftSys/STM32CubeF4/Projects/STM32F446ZE-Nucleo/Applications/USB_Device/HID_Standalone/Src/usbd_desc.c
 
Building file: /home/isa/Documents/SoftSys/STM32CubeF4/Projects/STM32F446ZE-Nucleo/Applications/USB_Device/HID_Standalone/SW4STM32/startup_stm32f446xx.s
Invoking: MCU GCC Assembler
/home/isa/Documents/SoftSys/STM32CubeF4/Projects/STM32F446ZE-Nucleo/Applications/USB_Device/HID_Standalone/SW4STM32/STM32F446ZE_Nucleo_USBD-FS/Debug
arm-none-eabi-as -mcpu=cortex-m4 -mthumb -mfloat-abi=hard -mfpu=fpv4-sp-d16 -g -o "Application/SW4STM32/startup_stm32f446xx.o" "/home/isa/Documents/SoftSys/STM32CubeF4/Projects/STM32F446ZE-Nucleo/Applications/USB_Device/HID_Standalone/SW4STM32/startup_stm32f446xx.s"
Finished building: /home/isa/Documents/SoftSys/STM32CubeF4/Projects/STM32F446ZE-Nucleo/Applications/USB_Device/HID_Standalone/SW4STM32/startup_stm32f446xx.s
 
Building target: STM32F446ZE_Nucleo_USBD-FS.elf
Invoking: MCU GCC Linker
arm-none-eabi-gcc -mcpu=cortex-m4 -mthumb -mfloat-abi=hard -mfpu=fpv4-sp-d16 -specs=nosys.specs -specs=nano.specs -T"../STM32F446ZETx_FLASH.ld" -Wl,-Map=output.map -Wl,--gc-sections -o "STM32F446ZE_Nucleo_USBD-FS.elf" @"objects.list"   -lm
Finished building target: STM32F446ZE_Nucleo_USBD-FS.elf
 
make --no-print-directory post-build
Generating binary and Printing size information:
arm-none-eabi-objcopy -O binary "STM32F446ZE_Nucleo_USBD-FS.elf" "STM32F446ZE_Nucleo_USBD-FS.bin"
arm-none-eabi-size "STM32F446ZE_Nucleo_USBD-FS.elf"
   text	   data	    bss	    dec	    hex	filename
  13508	    400	   3368	  17276	   437c	STM32F446ZE_Nucleo_USBD-FS.elf
 

10:33:25 Build Finished (took 5s.844ms)

